// Jest Snapshot v1, https://goo.gl/fbAQLP

exports[`NotFound component renders NotFound Page 1`] = `
<div>
  <h1>
    404: Page Non Found
  </h1>
  <a
    href="/"
    onClick={[Function]}
  >
    Go Back To Home Page
  </a>
</div>
`;
